# serializer version: 1
# name: test_file_structure
  list([
    'v',
    'v/latest',
    'v/latest/main',
    'v/latest/main/en_us',
    'v/latest/main/en_us/.sitemap-marker.json',
    'v/latest/main/en_us/apple-touch-icon-114x114.png',
    'v/latest/main/en_us/apple-touch-icon-120x120.png',
    'v/latest/main/en_us/apple-touch-icon-144x144.png',
    'v/latest/main/en_us/apple-touch-icon-152x152.png',
    'v/latest/main/en_us/apple-touch-icon-167x167.png',
    'v/latest/main/en_us/apple-touch-icon-180x180.png',
    'v/latest/main/en_us/apple-touch-icon-57x57.png',
    'v/latest/main/en_us/apple-touch-icon-60x60.png',
    'v/latest/main/en_us/apple-touch-icon-72x72.png',
    'v/latest/main/en_us/apple-touch-icon-76x76.png',
    'v/latest/main/en_us/favicon-16x16.png',
    'v/latest/main/en_us/favicon-180x180.png',
    'v/latest/main/en_us/favicon-196x196.png',
    'v/latest/main/en_us/favicon-32x32.png',
    'v/latest/main/en_us/favicon-64x64.png',
    'v/latest/main/en_us/favicon-96x96.png',
    'v/latest/main/en_us/favicon.ico',
    'v/latest/main/en_us/hexcasting.js',
    'v/latest/main/en_us/index.css',
    'v/latest/main/en_us/index.html',
    'v/latest/main/en_us/index.js',
    'v/latest/main/en_us/logo.png',
    'v/latest/main/en_us/mstile-270x270.png',
    'v/latest/main/en_us/mstile-310x150.png',
    'v/latest/main/en_us/mstile-310x310.png',
    'v/latest/main/en_us/mstile-70x70.png',
    'v/latest/main/en_us/textures.css',
  ])
# ---
# name: test_render_app_release
  list([
    'v',
    'v/MOD_VERSION',
    'v/MOD_VERSION/PLUGIN_VERSION',
    'v/MOD_VERSION/PLUGIN_VERSION/en_us',
    'v/MOD_VERSION/PLUGIN_VERSION/en_us/.sitemap-marker.json',
    'v/MOD_VERSION/PLUGIN_VERSION/en_us/apple-touch-icon-114x114.png',
    'v/MOD_VERSION/PLUGIN_VERSION/en_us/apple-touch-icon-120x120.png',
    'v/MOD_VERSION/PLUGIN_VERSION/en_us/apple-touch-icon-144x144.png',
    'v/MOD_VERSION/PLUGIN_VERSION/en_us/apple-touch-icon-152x152.png',
    'v/MOD_VERSION/PLUGIN_VERSION/en_us/apple-touch-icon-167x167.png',
    'v/MOD_VERSION/PLUGIN_VERSION/en_us/apple-touch-icon-180x180.png',
    'v/MOD_VERSION/PLUGIN_VERSION/en_us/apple-touch-icon-57x57.png',
    'v/MOD_VERSION/PLUGIN_VERSION/en_us/apple-touch-icon-60x60.png',
    'v/MOD_VERSION/PLUGIN_VERSION/en_us/apple-touch-icon-72x72.png',
    'v/MOD_VERSION/PLUGIN_VERSION/en_us/apple-touch-icon-76x76.png',
    'v/MOD_VERSION/PLUGIN_VERSION/en_us/favicon-16x16.png',
    'v/MOD_VERSION/PLUGIN_VERSION/en_us/favicon-180x180.png',
    'v/MOD_VERSION/PLUGIN_VERSION/en_us/favicon-196x196.png',
    'v/MOD_VERSION/PLUGIN_VERSION/en_us/favicon-32x32.png',
    'v/MOD_VERSION/PLUGIN_VERSION/en_us/favicon-64x64.png',
    'v/MOD_VERSION/PLUGIN_VERSION/en_us/favicon-96x96.png',
    'v/MOD_VERSION/PLUGIN_VERSION/en_us/favicon.ico',
    'v/MOD_VERSION/PLUGIN_VERSION/en_us/hexcasting.js',
    'v/MOD_VERSION/PLUGIN_VERSION/en_us/index.css',
    'v/MOD_VERSION/PLUGIN_VERSION/en_us/index.html',
    'v/MOD_VERSION/PLUGIN_VERSION/en_us/index.js',
    'v/MOD_VERSION/PLUGIN_VERSION/en_us/logo.png',
    'v/MOD_VERSION/PLUGIN_VERSION/en_us/mstile-270x270.png',
    'v/MOD_VERSION/PLUGIN_VERSION/en_us/mstile-310x150.png',
    'v/MOD_VERSION/PLUGIN_VERSION/en_us/mstile-310x310.png',
    'v/MOD_VERSION/PLUGIN_VERSION/en_us/mstile-70x70.png',
    'v/MOD_VERSION/PLUGIN_VERSION/en_us/textures.css',
  ])
# ---
